(---------------------------------------------------------------------)
(                                                                     )
(    Allegro Netrev Import Logic                                      )
(                                                                     )
(    Drawing          : production_board2_rev1.brd                    )
(    Software Version : 17.2S055                                      )
(    Date/Time        : Fri Feb 18 16:51:35 2022                      )
(                                                                     )
(---------------------------------------------------------------------)


------ Directives ------------

Ripup etch:                  No
Ripup delete first segment:  No
Ripup retain bondwire:       No
Ripup symbols:               Always
Missing symbol has error:    No
DRC update:                  Yes
Schematic directory:         'H:\GITHUB\TDP4\PRODUCTION\allegro'
Design Directory:            'H:/GitHub/TDP4/Production/allegro'
Old design name:             'H:/GitHub/TDP4/Production/allegro/production_board2_rev1.brd'
New design name:             'H:/GitHub/TDP4/Production/allegro/production_board2_rev1.brd'

CmdLine: netrev.exe -y 1 -i H:\GITHUB\TDP4\PRODUCTION\allegro H:\GitHub\TDP4\Production\allegro\production_board2_rev1.brd H:\GitHub\TDP4\Production\allegro\production_board2_rev1.brd

------ Preparing to read pst files ------

Starting to read H:/GITHUB/TDP4/PRODUCTION/allegro/pstchip.dat 
   Finished reading H:/GITHUB/TDP4/PRODUCTION/allegro/pstchip.dat (00:00:00.62)
Starting to read H:/GITHUB/TDP4/PRODUCTION/allegro/pstxprt.dat 
   Finished reading H:/GITHUB/TDP4/PRODUCTION/allegro/pstxprt.dat (00:00:00.08)
Starting to read H:/GITHUB/TDP4/PRODUCTION/allegro/pstxnet.dat 
   Finished reading H:/GITHUB/TDP4/PRODUCTION/allegro/pstxnet.dat (00:00:00.09)

------ Oversights/Warnings/Errors ------


------ Library Paths ------
MODULEPATH =  . 
           C:/Program Files/Cadence/SPB_17.2/share/local/pcb/modules 

PSMPATH =  . 
           symbols 
           .. 
           ../symbols 
           C:/Program Files/Cadence/SPB_17.2/share/local/pcb/symbols 
           C:/Program Files/Cadence/SPB_17.2/share/pcb/pcb_lib/symbols 
           C:/Program Files/Cadence/SPB_17.2/share/pcb/allegrolib/symbols 

PADPATH =  . 
           symbols 
           .. 
           ../symbols 
           C:/Program Files/Cadence/SPB_17.2/share/local/pcb/padstacks 
           C:/Program Files/Cadence/SPB_17.2/share/pcb/pcb_lib/symbols 
           C:/Program Files/Cadence/SPB_17.2/share/pcb/allegrolib/symbols 


------ Summary Statistics ------


netrev run on Feb 18 16:51:34 2022
   DESIGN NAME : 'PRODUCTION'
   PACKAGING ON May 11 2019 05:12:43

   COMPILE 'logic'
   CHECK_PIN_NAMES OFF
   CROSS_REFERENCE OFF
   FEEDBACK OFF
   INCREMENTAL OFF
   INTERFACE_TYPE PHYSICAL
   MAX_ERRORS 500
   MERGE_MINIMUM 5
   NET_NAME_CHARS '#%&()*+-./:=>?@[]^_`|'
   NET_NAME_LENGTH 24
   OVERSIGHTS ON
   REPLACE_CHECK OFF
   SINGLE_NODE_NETS ON
   SPLIT_MINIMUM 0
   SUPPRESS   20
   WARNINGS ON

 No error detected
 No oversight detected
 No warning detected

cpu time      0:09:40
elapsed time  0:00:04

